<?xml version="1.0" encoding="UTF-8"?>
<testsuites name="jest tests" tests="49" failures="0" errors="0" time="11.511">
  <testsuite name="Component de CadastroMarca" errors="0" failures="0" skipped="0" timestamp="2021-07-07T19:15:21" time="5.288" tests="10">
    <testcase classname="Component de CadastroMarca O component deve sempre exibir o campo de marca" name="Component de CadastroMarca O component deve sempre exibir o campo de marca" time="0.237">
    </testcase>
    <testcase classname="Component de CadastroMarca O component deve sempre exibir o botão de cancelar" name="Component de CadastroMarca O component deve sempre exibir o botão de cancelar" time="0.099">
    </testcase>
    <testcase classname="Component de CadastroMarca Quando aperto o botão de cancelar, o component deve voltar para a página anterior" name="Component de CadastroMarca Quando aperto o botão de cancelar, o component deve voltar para a página anterior" time="0.098">
    </testcase>
    <testcase classname="Component de CadastroMarca Página de cadastro Quando acesso /cadastro-marca, estou na página de cadastro" name="Component de CadastroMarca Página de cadastro Quando acesso /cadastro-marca, estou na página de cadastro" time="0.09">
    </testcase>
    <testcase classname="Component de CadastroMarca Página de cadastro Quando tento cadastrar uma marca inválida, o botão de cadastrar deve estar desabilitado" name="Component de CadastroMarca Página de cadastro Quando tento cadastrar uma marca inválida, o botão de cadastrar deve estar desabilitado" time="0.117">
    </testcase>
    <testcase classname="Component de CadastroMarca Página de cadastro Quando tento cadastrar uma marca válida, o component deve chamar a função cadastrar e voltar para a página anterior" name="Component de CadastroMarca Página de cadastro Quando tento cadastrar uma marca válida, o component deve chamar a função cadastrar e voltar para a página anterior" time="0.125">
    </testcase>
    <testcase classname="Component de CadastroMarca Página de alteração Quando acesso /alteracao-marca/:id, estou na página de alteração" name="Component de CadastroMarca Página de alteração Quando acesso /alteracao-marca/:id, estou na página de alteração" time="0.068">
    </testcase>
    <testcase classname="Component de CadastroMarca Página de alteração Quando tento alterar a marca FORD, seu nome aparece no campo" name="Component de CadastroMarca Página de alteração Quando tento alterar a marca FORD, seu nome aparece no campo" time="0.116">
    </testcase>
    <testcase classname="Component de CadastroMarca Página de alteração Quando tento alterar uma marca com um nome inválido, o botão de alterar deve estar desabilitado" name="Component de CadastroMarca Página de alteração Quando tento alterar uma marca com um nome inválido, o botão de alterar deve estar desabilitado" time="0.092">
    </testcase>
    <testcase classname="Component de CadastroMarca Página de alteração Quando tento alterar uma marca com um nome válido, o component deve chamar a função alterar e voltar para a página anterior" name="Component de CadastroMarca Página de alteração Quando tento alterar uma marca com um nome válido, o component deve chamar a função alterar e voltar para a página anterior" time="0.085">
    </testcase>
  </testsuite>
  <testsuite name="Testes do componente Header" errors="0" failures="0" skipped="0" timestamp="2021-07-07T19:15:21" time="5.985" tests="6">
    <testcase classname="Testes do componente Header Testes de renderização e exibição Deve renderizar componente corretamente" name="Testes do componente Header Testes de renderização e exibição Deve renderizar componente corretamente" time="0.708">
    </testcase>
    <testcase classname="Testes do componente Header Testes de renderização e exibição Deve exibir opções corretamente ao clicar no menu" name="Testes do componente Header Testes de renderização e exibição Deve exibir opções corretamente ao clicar no menu" time="0.266">
    </testcase>
    <testcase classname="Testes do componente Header Testes de redirecionamento Testes da Home e Login Deve redirecionar para a Home ao clicar no título" name="Testes do componente Header Testes de redirecionamento Testes da Home e Login Deve redirecionar para a Home ao clicar no título" time="0.165">
    </testcase>
    <testcase classname="Testes do componente Header Testes de redirecionamento Testes da Home e Login Deve redirecionar para a tela de Login ao clicar no botão Login" name="Testes do componente Header Testes de redirecionamento Testes da Home e Login Deve redirecionar para a tela de Login ao clicar no botão Login" time="0.181">
    </testcase>
    <testcase classname="Testes do componente Header Testes de redirecionamento Testes dos itens do menu Deve redirecionar para a página de listagem de veículos ao clicar na opção Veículos" name="Testes do componente Header Testes de redirecionamento Testes dos itens do menu Deve redirecionar para a página de listagem de veículos ao clicar na opção Veículos" time="0.273">
    </testcase>
    <testcase classname="Testes do componente Header Testes de redirecionamento Testes dos itens do menu Deve redirecionar para a página de listagem de marcas ao clicar na opção Marcas" name="Testes do componente Header Testes de redirecionamento Testes dos itens do menu Deve redirecionar para a página de listagem de marcas ao clicar na opção Marcas" time="0.196">
    </testcase>
  </testsuite>
  <testsuite name="Testes de Login" errors="0" failures="0" skipped="0" timestamp="2021-07-07T19:15:21" time="6.064" tests="6">
    <testcase classname="Testes de Login Testes de renderização e exibição Deve renderizar componente corretamente" name="Testes de Login Testes de renderização e exibição Deve renderizar componente corretamente" time="0.764">
    </testcase>
    <testcase classname="Testes de Login Testes de renderização e exibição Deve exibir link para a página de Cadastro" name="Testes de Login Testes de renderização e exibição Deve exibir link para a página de Cadastro" time="0.212">
    </testcase>
    <testcase classname="Testes de Login Testes de habilitar/desabilitar botão de Entrar Deve desabilitar botão de Entrar quando Usuário for inválido" name="Testes de Login Testes de habilitar/desabilitar botão de Entrar Deve desabilitar botão de Entrar quando Usuário for inválido" time="0.231">
    </testcase>
    <testcase classname="Testes de Login Testes de habilitar/desabilitar botão de Entrar Deve desabilitar botão de Entrar quando Senha for inválida" name="Testes de Login Testes de habilitar/desabilitar botão de Entrar Deve desabilitar botão de Entrar quando Senha for inválida" time="0.225">
    </testcase>
    <testcase classname="Testes de Login Testes de habilitar/desabilitar botão de Entrar Deve habilitar botão de Entrar quando Os campos estiverem preenchidos corretamente " name="Testes de Login Testes de habilitar/desabilitar botão de Entrar Deve habilitar botão de Entrar quando Os campos estiverem preenchidos corretamente " time="0.273">
    </testcase>
    <testcase classname="Testes de Login Testes de redirecionamento Deve redirecionar para Home quando login for realizado com sucesso" name="Testes de Login Testes de redirecionamento Deve redirecionar para Home quando login for realizado com sucesso" time="0.208">
    </testcase>
  </testsuite>
  <testsuite name="Testes de Login" errors="0" failures="0" skipped="0" timestamp="2021-07-07T19:15:21" time="6.352" tests="7">
    <testcase classname="Testes de Login Testes de renderização e exibição Deve renderizar componente corretamente" name="Testes de Login Testes de renderização e exibição Deve renderizar componente corretamente" time="0.806">
    </testcase>
    <testcase classname="Testes de Login Testes de renderização e exibição Deve exibir link para a página de Login" name="Testes de Login Testes de renderização e exibição Deve exibir link para a página de Login" time="0.214">
    </testcase>
    <testcase classname="Testes de Login Testes de habilitar/desabilitar botão de Cadastro Deve desabilitar botão de Cadastrar quando Usuário for inválido" name="Testes de Login Testes de habilitar/desabilitar botão de Cadastro Deve desabilitar botão de Cadastrar quando Usuário for inválido" time="0.292">
    </testcase>
    <testcase classname="Testes de Login Testes de habilitar/desabilitar botão de Cadastro Deve desabilitar botão de Cadastrar quando Senha for inválida" name="Testes de Login Testes de habilitar/desabilitar botão de Cadastro Deve desabilitar botão de Cadastrar quando Senha for inválida" time="0.259">
    </testcase>
    <testcase classname="Testes de Login Testes de habilitar/desabilitar botão de Cadastro Deve desabilitar botão de Cadastrar quando Senhas forem diferentes" name="Testes de Login Testes de habilitar/desabilitar botão de Cadastro Deve desabilitar botão de Cadastrar quando Senhas forem diferentes" time="0.22">
    </testcase>
    <testcase classname="Testes de Login Testes de habilitar/desabilitar botão de Cadastro Deve habilitar o botão de Cadastrar quando Os campos estiverem preenchidos corretamente " name="Testes de Login Testes de habilitar/desabilitar botão de Cadastro Deve habilitar o botão de Cadastrar quando Os campos estiverem preenchidos corretamente " time="0.233">
    </testcase>
    <testcase classname="Testes de Login Testes de redirecionamento Deve redirecionar para tela de Login quando cadastro for realizado com sucesso" name="Testes de Login Testes de redirecionamento Deve redirecionar para tela de Login quando cadastro for realizado com sucesso" time="0.163">
    </testcase>
  </testsuite>
  <testsuite name="Component de ListagemVeiculos" errors="0" failures="0" skipped="0" timestamp="2021-07-07T19:15:21" time="6.935" tests="6">
    <testcase classname="Component de ListagemVeiculos Quando entrar na página deve exibir datagrid" name="Component de ListagemVeiculos Quando entrar na página deve exibir datagrid" time="1.057">
    </testcase>
    <testcase classname="Component de ListagemVeiculos Quando entrar na página datagrid deve exibir colunas de marca, modelo, ano e valor" name="Component de ListagemVeiculos Quando entrar na página datagrid deve exibir colunas de marca, modelo, ano e valor" time="0.489">
    </testcase>
    <testcase classname="Component de ListagemVeiculos Quando entrar na página datagrid deve exibir linha com valores de marca, modelo, ano e valor" name="Component de ListagemVeiculos Quando entrar na página datagrid deve exibir linha com valores de marca, modelo, ano e valor" time="0.375">
    </testcase>
    <testcase classname="Component de ListagemVeiculos Quando um usuário estiver logado Botão excluir deve ser exibido" name="Component de ListagemVeiculos Quando um usuário estiver logado Botão excluir deve ser exibido" time="0.212">
    </testcase>
    <testcase classname="Component de ListagemVeiculos Quando um usuário estiver logado Botão excluir deve estar desabilitado caso nenhuma linha do DataGrid tenha sido selecionada" name="Component de ListagemVeiculos Quando um usuário estiver logado Botão excluir deve estar desabilitado caso nenhuma linha do DataGrid tenha sido selecionada" time="0.199">
    </testcase>
    <testcase classname="Component de ListagemVeiculos Quando um usuário estiver logado Botão excluir deve estar habilitado caso uma linha do DataGrid tenha sido selecionada" name="Component de ListagemVeiculos Quando um usuário estiver logado Botão excluir deve estar habilitado caso uma linha do DataGrid tenha sido selecionada" time="0.298">
    </testcase>
  </testsuite>
  <testsuite name="Component de ListagemMarcas" errors="0" failures="0" skipped="0" timestamp="2021-07-07T19:15:21" time="8.232" tests="14">
    <testcase classname="Component de ListagemMarcas Quando entrar na página deve exibir datagrid" name="Component de ListagemMarcas Quando entrar na página deve exibir datagrid" time="1.029">
    </testcase>
    <testcase classname="Component de ListagemMarcas Quando entrar na página datagrid deve exibir coluna de marca" name="Component de ListagemMarcas Quando entrar na página datagrid deve exibir coluna de marca" time="0.417">
    </testcase>
    <testcase classname="Component de ListagemMarcas Quando entrar na página datagrid deve exibir linha com valores de marca" name="Component de ListagemMarcas Quando entrar na página datagrid deve exibir linha com valores de marca" time="0.412">
    </testcase>
    <testcase classname="Component de ListagemMarcas Quando entrar na página botão excluir deve ser exibido" name="Component de ListagemMarcas Quando entrar na página botão excluir deve ser exibido" time="0.231">
    </testcase>
    <testcase classname="Component de ListagemMarcas Quando entrar na página botão alterar deve ser exibido" name="Component de ListagemMarcas Quando entrar na página botão alterar deve ser exibido" time="0.186">
    </testcase>
    <testcase classname="Component de ListagemMarcas Quando entrar na página botão adicionar deve ser exibido" name="Component de ListagemMarcas Quando entrar na página botão adicionar deve ser exibido" time="0.177">
    </testcase>
    <testcase classname="Component de ListagemMarcas O botão excluir deve estar desabilitado caso nenhuma linha do DataGrid tenha sido selecionada" name="Component de ListagemMarcas O botão excluir deve estar desabilitado caso nenhuma linha do DataGrid tenha sido selecionada" time="0.18">
    </testcase>
    <testcase classname="Component de ListagemMarcas O botão excluir deve estar habilitado caso uma linha do DataGrid tenha sido selecionada" name="Component de ListagemMarcas O botão excluir deve estar habilitado caso uma linha do DataGrid tenha sido selecionada" time="0.263">
    </testcase>
    <testcase classname="Component de ListagemMarcas O botão excluir deve chamar a função excluir, limpar a marca selecionada e chamar a função listar" name="Component de ListagemMarcas O botão excluir deve chamar a função excluir, limpar a marca selecionada e chamar a função listar" time="0.253">
    </testcase>
    <testcase classname="Component de ListagemMarcas O botão alterar deve estar desabilitado caso nenhuma linha do DataGrid tenha sido selecionada" name="Component de ListagemMarcas O botão alterar deve estar desabilitado caso nenhuma linha do DataGrid tenha sido selecionada" time="0.151">
    </testcase>
    <testcase classname="Component de ListagemMarcas O botão alterar deve estar habilitado caso uma linha do DataGrid tenha sido selecionada" name="Component de ListagemMarcas O botão alterar deve estar habilitado caso uma linha do DataGrid tenha sido selecionada" time="0.192">
    </testcase>
    <testcase classname="Component de ListagemMarcas O botão alterar deve rotear para a página /alteracao-marca/:id" name="Component de ListagemMarcas O botão alterar deve rotear para a página /alteracao-marca/:id" time="0.199">
    </testcase>
    <testcase classname="Component de ListagemMarcas O botão adicionar deve estar habilitado" name="Component de ListagemMarcas O botão adicionar deve estar habilitado" time="0.15">
    </testcase>
    <testcase classname="Component de ListagemMarcas O botão adicionar deve rotear para a página de cadastrar marca" name="Component de ListagemMarcas O botão adicionar deve rotear para a página de cadastrar marca" time="0.142">
    </testcase>
  </testsuite>
</testsuites>